// Jest Snapshot v1, https://goo.gl/fbAQLP

exports[`Upload should render correctly 1`] = `
<div>
  <div
    class="upload"
  >
    <span
      class="title"
    >
      Upload your GIFs
    </span>
    <div
      class="gifs"
    />
    <input
      accept="image/gif,video/mp4,video/mov,video/quicktime,video/webm"
      class="hiddenInput"
      data-testid="file-input"
      name="Add your GIF"
      type="file"
    />
    <button
      class="button fileInput"
    >
      Choose your GIF
    </button>
  </div>
</div>
`;
